[2026-07-10 00:35:58 UTC] test_heuristic           : 696.44s
[2026-07-10 17:06:51 UTC] test_embed               : 154.53s
[2026-07-10 17:07:54 UTC] test_generate_categories : 61.95s
[2026-07-10 17:08:00 UTC] test_heuristic           : 6.58s
[2026-07-10 17:15:09 UTC] test_bootstrap           : 428.59s
[2026-07-10 17:15:09 UTC] test_build_graph         : 0.03s
[2026-07-10 18:23:51 UTC] test_extract             : 738.34s
[2026-07-10 18:57:20 UTC] test_heuristic           : 2.26s
[2026-07-10 19:00:15 UTC] test_heuristic           : 0.88s
[2026-07-10 19:38:13 UTC] test_heuristic           : 0.89s
[2026-07-10 19:45:32 UTC] test_heuristic           : 0.89s
[2026-07-11 03:35:02 UTC] test_extract             : 747.56s
[2026-07-11 03:40:43 UTC] test_embed               : 166.92s
[2026-07-11 03:41:31 UTC] test_generate_categories : 41.94s
[2026-07-11 03:42:08 UTC] test_heuristic           : 1.67s
[2026-07-11 03:49:14 UTC] test_bootstrap           : 344.11s
[2026-07-11 03:49:23 UTC] test_build_graph         : 0.03s
